solicitudes-db        | The files belonging to this database system will be owned by user "postgres".
solicitudes-consumer  | {"api_base_url": "http://backend:8000", "num_solicitudes": 10, "max_reintentos": 3, "timeout_conexion_s": 3.0, "timeout_lectura_s": 10.0, "event": "consumidor_iniciado", "level": "info", "logger": "__main__", "service": "solicitudes-consumer", "timestamp": "2026-08-01T03:54:50.759014Z"}
solicitudes-db        | This user must also own the server process.
solicitudes-db        | 
solicitudes-db        | The database cluster will be initialized with locale "en_US.utf8".
solicitudes-db        | The default database encoding has accordingly been set to "UTF8".
solicitudes-db        | The default text search configuration will be set to "english".
solicitudes-db        | 
solicitudes-db        | Data page checksums are disabled.
solicitudes-db        | 
solicitudes-db        | fixing permissions on existing directory /var/lib/postgresql/data ... ok
solicitudes-db        | creating subdirectories ... ok
solicitudes-backend   | [entrypoint] Aplicando migraciones de base de datos...
solicitudes-backend   | INFO  [alembic.runtime.migration] Context impl PostgresqlImpl.
solicitudes-backend   | INFO  [alembic.runtime.migration] Will assume transactional DDL.
solicitudes-db        | selecting dynamic shared memory implementation ... posix
solicitudes-backend   | INFO  [alembic.runtime.migration] Running upgrade  -> 1d9a769c44c6, crear tabla solicitudes
solicitudes-backend   | [entrypoint] Iniciando servidor...
solicitudes-backend   | {"event": "Started server process [1]", "level": "info", "logger": "uvicorn.error", "service": "solicitudes-api", "timestamp": "2026-08-01T03:54:47.768164Z"}
solicitudes-db        | selecting default max_connections ... 100
solicitudes-db        | selecting default shared_buffers ... 128MB
solicitudes-db        | selecting default time zone ... UTC
solicitudes-backend   | {"event": "Waiting for application startup.", "level": "info", "logger": "uvicorn.error", "service": "solicitudes-api", "timestamp": "2026-08-01T03:54:47.768539Z"}
solicitudes-backend   | {"event": "Application startup complete.", "level": "info", "logger": "uvicorn.error", "service": "solicitudes-api", "timestamp": "2026-08-01T03:54:47.774159Z"}
solicitudes-backend   | {"event": "Uvicorn running on http://0.0.0.0:8000 (Press CTRL+C to quit)", "level": "info", "logger": "uvicorn.error", "service": "solicitudes-api", "timestamp": "2026-08-01T03:54:47.797582Z"}
solicitudes-backend   | {"method": "GET", "path": "/health/ready", "status": 200, "duration_ms": 21.66, "event": "peticion_completada", "correlation_id": "ec5ff0c4-ecb2-462e-803a-448fb1b976ae", "level": "info", "logger": "app.core.middleware", "service": "solicitudes-api", "timestamp": "2026-08-01T03:54:48.870298Z"}
solicitudes-backend   | {"event": "127.0.0.1:41782 - \"GET /health/ready HTTP/1.1\" 200", "correlation_id": "ec5ff0c4-ecb2-462e-803a-448fb1b976ae", "level": "info", "logger": "uvicorn.access", "service": "solicitudes-api", "timestamp": "2026-08-01T03:54:48.870670Z"}
solicitudes-backend   | {"method": "GET", "path": "/health/ready", "status": 200, "duration_ms": 4.62, "event": "peticion_completada", "correlation_id": "c27c46d4-3b49-42d9-bb42-ac3278c2914f", "level": "info", "logger": "app.core.middleware", "service": "solicitudes-api", "timestamp": "2026-08-01T03:54:51.010362Z"}
solicitudes-consumer  | {"event": "HTTP Request: GET http://backend:8000/health/ready \"HTTP/1.1 200 OK\"", "level": "info", "logger": "httpx", "service": "solicitudes-consumer", "timestamp": "2026-08-01T03:54:51.011811Z"}
solicitudes-consumer  | {"intento": 1, "event": "api_lista", "level": "info", "logger": "__main__", "service": "solicitudes-consumer", "timestamp": "2026-08-01T03:54:51.012328Z"}
solicitudes-consumer  | {"cantidad": 11, "event": "lote_generado", "level": "info", "logger": "__main__", "service": "solicitudes-consumer", "timestamp": "2026-08-01T03:54:51.012522Z"}
solicitudes-consumer  | {"event": "HTTP Request: POST http://backend:8000/solicitudes \"HTTP/1.1 201 Created\"", "level": "info", "logger": "httpx", "service": "solicitudes-consumer", "timestamp": "2026-08-01T03:54:51.054060Z"}
solicitudes-backend   | {"event": "172.23.0.4:49356 - \"GET /health/ready HTTP/1.1\" 200", "correlation_id": "c27c46d4-3b49-42d9-bb42-ac3278c2914f", "level": "info", "logger": "uvicorn.access", "service": "solicitudes-api", "timestamp": "2026-08-01T03:54:51.010747Z"}
solicitudes-consumer  | {"method": "POST", "path": "/solicitudes", "status": 201, "intento": 1, "duration_ms": 41.75, "correlation_id": "eb83bde4-e859-4198-93e4-7b48258da1d8", "event": "peticion_exitosa", "level": "info", "logger": "app.cliente_solicitudes", "service": "solicitudes-consumer", "timestamp": "2026-08-01T03:54:51.054403Z"}
solicitudes-backend   | {"solicitud_id": "51202689-a86b-4240-8115-93f7aaaf6394", "identificador_externo": "EXT-1d0897c2-000", "event": "solicitud_creada", "correlation_id": "eb83bde4-e859-4198-93e4-7b48258da1d8", "level": "info", "logger": "app.services.solicitud", "service": "solicitudes-api", "timestamp": "2026-08-01T03:54:51.048151Z"}
solicitudes-backend   | {"method": "POST", "path": "/solicitudes", "status": 201, "duration_ms": 39.51, "event": "peticion_completada", "correlation_id": "eb83bde4-e859-4198-93e4-7b48258da1d8", "level": "info", "logger": "app.core.middleware", "service": "solicitudes-api", "timestamp": "2026-08-01T03:54:51.052814Z"}
solicitudes-db        | creating configuration files ... ok
solicitudes-db        | running bootstrap script ... ok
solicitudes-db        | sh: locale: not found
solicitudes-db        | 2026-08-01 03:54:39.031 UTC [35] WARNING:  no usable system locales were found
solicitudes-db        | performing post-bootstrap initialization ... ok
solicitudes-db        | initdb: warning: enabling "trust" authentication for local connections
solicitudes-backend   | {"event": "172.23.0.4:49356 - \"POST /solicitudes HTTP/1.1\" 201", "correlation_id": "eb83bde4-e859-4198-93e4-7b48258da1d8", "level": "info", "logger": "uvicorn.access", "service": "solicitudes-api", "timestamp": "2026-08-01T03:54:51.053131Z"}
solicitudes-backend   | {"solicitud_id": "45fe3c35-e193-4482-aa6a-e86abcf3ca48", "identificador_externo": "EXT-1d0897c2-001", "event": "solicitud_creada", "correlation_id": "79392198-a676-47f8-a00b-19da2161a14a", "level": "info", "logger": "app.services.solicitud", "service": "solicitudes-api", "timestamp": "2026-08-01T03:54:51.065779Z"}
solicitudes-consumer  | {"event": "HTTP Request: POST http://backend:8000/solicitudes \"HTTP/1.1 201 Created\"", "level": "info", "logger": "httpx", "service": "solicitudes-consumer", "timestamp": "2026-08-01T03:54:51.067672Z"}
solicitudes-consumer  | {"method": "POST", "path": "/solicitudes", "status": 201, "intento": 1, "duration_ms": 13.33, "correlation_id": "79392198-a676-47f8-a00b-19da2161a14a", "event": "peticion_exitosa", "level": "info", "logger": "app.cliente_solicitudes", "service": "solicitudes-consumer", "timestamp": "2026-08-01T03:54:51.067964Z"}
solicitudes-consumer  | {"event": "HTTP Request: POST http://backend:8000/solicitudes \"HTTP/1.1 201 Created\"", "level": "info", "logger": "httpx", "service": "solicitudes-consumer", "timestamp": "2026-08-01T03:54:51.081291Z"}
solicitudes-consumer  | {"method": "POST", "path": "/solicitudes", "status": 201, "intento": 1, "duration_ms": 13.42, "correlation_id": "d1f5c41d-445c-486b-8426-ad13ad7e8e8a", "event": "peticion_exitosa", "level": "info", "logger": "app.cliente_solicitudes", "service": "solicitudes-consumer", "timestamp": "2026-08-01T03:54:51.081584Z"}
solicitudes-consumer  | {"event": "HTTP Request: POST http://backend:8000/solicitudes \"HTTP/1.1 201 Created\"", "level": "info", "logger": "httpx", "service": "solicitudes-consumer", "timestamp": "2026-08-01T03:54:51.097909Z"}
solicitudes-db        | initdb: hint: You can change this by editing pg_hba.conf or using the option -A, or --auth-local and --auth-host, the next time you run initdb.
solicitudes-consumer  | {"method": "POST", "path": "/solicitudes", "status": 201, "intento": 1, "duration_ms": 16.85, "correlation_id": "3f7257e2-3dc0-4efa-9ea3-d22109c78ca6", "event": "peticion_exitosa", "level": "info", "logger": "app.cliente_solicitudes", "service": "solicitudes-consumer", "timestamp": "2026-08-01T03:54:51.098616Z"}
solicitudes-consumer  | {"event": "HTTP Request: POST http://backend:8000/solicitudes \"HTTP/1.1 201 Created\"", "level": "info", "logger": "httpx", "service": "solicitudes-consumer", "timestamp": "2026-08-01T03:54:51.113822Z"}
solicitudes-backend   | {"method": "POST", "path": "/solicitudes", "status": 201, "duration_ms": 11.79, "event": "peticion_completada", "correlation_id": "79392198-a676-47f8-a00b-19da2161a14a", "level": "info", "logger": "app.core.middleware", "service": "solicitudes-api", "timestamp": "2026-08-01T03:54:51.066932Z"}
solicitudes-backend   | {"event": "172.23.0.4:49356 - \"POST /solicitudes HTTP/1.1\" 201", "correlation_id": "79392198-a676-47f8-a00b-19da2161a14a", "level": "info", "logger": "uvicorn.access", "service": "solicitudes-api", "timestamp": "2026-08-01T03:54:51.067155Z"}
solicitudes-backend   | {"solicitud_id": "cc5547ab-d48e-4cd8-95a8-0933c311396a", "identificador_externo": "EXT-1d0897c2-002", "event": "solicitud_creada", "correlation_id": "d1f5c41d-445c-486b-8426-ad13ad7e8e8a", "level": "info", "logger": "app.services.solicitud", "service": "solicitudes-api", "timestamp": "2026-08-01T03:54:51.079399Z"}
solicitudes-backend   | {"method": "POST", "path": "/solicitudes", "status": 201, "duration_ms": 11.85, "event": "peticion_completada", "correlation_id": "d1f5c41d-445c-486b-8426-ad13ad7e8e8a", "level": "info", "logger": "app.core.middleware", "service": "solicitudes-api", "timestamp": "2026-08-01T03:54:51.080506Z"}
solicitudes-consumer  | {"method": "POST", "path": "/solicitudes", "status": 201, "intento": 1, "duration_ms": 15.42, "correlation_id": "6168dab2-2dca-41fe-bd77-10405a4f5d78", "event": "peticion_exitosa", "level": "info", "logger": "app.cliente_solicitudes", "service": "solicitudes-consumer", "timestamp": "2026-08-01T03:54:51.114500Z"}
solicitudes-consumer  | {"event": "HTTP Request: POST http://backend:8000/solicitudes \"HTTP/1.1 201 Created\"", "level": "info", "logger": "httpx", "service": "solicitudes-consumer", "timestamp": "2026-08-01T03:54:51.123690Z"}
solicitudes-consumer  | {"method": "POST", "path": "/solicitudes", "status": 201, "intento": 1, "duration_ms": 9.22, "correlation_id": "63e6e687-0821-4ff1-b3a9-a143c4bcf8b4", "event": "peticion_exitosa", "level": "info", "logger": "app.cliente_solicitudes", "service": "solicitudes-consumer", "timestamp": "2026-08-01T03:54:51.123955Z"}
solicitudes-consumer  | {"event": "HTTP Request: POST http://backend:8000/solicitudes \"HTTP/1.1 201 Created\"", "level": "info", "logger": "httpx", "service": "solicitudes-consumer", "timestamp": "2026-08-01T03:54:51.134258Z"}
solicitudes-consumer  | {"method": "POST", "path": "/solicitudes", "status": 201, "intento": 1, "duration_ms": 10.53, "correlation_id": "bb316cd2-1fb9-4240-8a0b-3dd8e8559543", "event": "peticion_exitosa", "level": "info", "logger": "app.cliente_solicitudes", "service": "solicitudes-consumer", "timestamp": "2026-08-01T03:54:51.134721Z"}
solicitudes-consumer  | {"event": "HTTP Request: POST http://backend:8000/solicitudes \"HTTP/1.1 201 Created\"", "level": "info", "logger": "httpx", "service": "solicitudes-consumer", "timestamp": "2026-08-01T03:54:51.143312Z"}
solicitudes-consumer  | {"method": "POST", "path": "/solicitudes", "status": 201, "intento": 1, "duration_ms": 8.67, "correlation_id": "e76fd367-0221-45a5-bceb-8d8349b12c1d", "event": "peticion_exitosa", "level": "info", "logger": "app.cliente_solicitudes", "service": "solicitudes-consumer", "timestamp": "2026-08-01T03:54:51.143596Z"}
solicitudes-db        | syncing data to disk ... ok
solicitudes-db        | 
solicitudes-db        | 
solicitudes-db        | Success. You can now start the database server using:
solicitudes-db        | 
solicitudes-db        |     pg_ctl -D /var/lib/postgresql/data -l logfile start
solicitudes-db        | 
solicitudes-db        | waiting for server to start....2026-08-01 03:54:40.139 UTC [41] LOG:  starting PostgreSQL 16.14 on x86_64-pc-linux-musl, compiled by gcc (Alpine 15.2.0) 15.2.0, 64-bit
solicitudes-db        | 2026-08-01 03:54:40.146 UTC [41] LOG:  listening on Unix socket "/var/run/postgresql/.s.PGSQL.5432"
solicitudes-backend   | {"event": "172.23.0.4:49356 - \"POST /solicitudes HTTP/1.1\" 201", "correlation_id": "d1f5c41d-445c-486b-8426-ad13ad7e8e8a", "level": "info", "logger": "uvicorn.access", "service": "solicitudes-api", "timestamp": "2026-08-01T03:54:51.080733Z"}
solicitudes-backend   | {"solicitud_id": "bc158683-afb3-4713-9897-31b342253231", "identificador_externo": "EXT-1d0897c2-003", "event": "solicitud_creada", "correlation_id": "3f7257e2-3dc0-4efa-9ea3-d22109c78ca6", "level": "info", "logger": "app.services.solicitud", "service": "solicitudes-api", "timestamp": "2026-08-01T03:54:51.095425Z"}
solicitudes-backend   | {"method": "POST", "path": "/solicitudes", "status": 201, "duration_ms": 14.62, "event": "peticion_completada", "correlation_id": "3f7257e2-3dc0-4efa-9ea3-d22109c78ca6", "level": "info", "logger": "app.core.middleware", "service": "solicitudes-api", "timestamp": "2026-08-01T03:54:51.096929Z"}
solicitudes-backend   | {"event": "172.23.0.4:49356 - \"POST /solicitudes HTTP/1.1\" 201", "correlation_id": "3f7257e2-3dc0-4efa-9ea3-d22109c78ca6", "level": "info", "logger": "uvicorn.access", "service": "solicitudes-api", "timestamp": "2026-08-01T03:54:51.097150Z"}
solicitudes-backend   | {"solicitud_id": "57102a67-42ee-4235-b10f-688ed9691e3c", "identificador_externo": "EXT-1d0897c2-004", "event": "solicitud_creada", "correlation_id": "6168dab2-2dca-41fe-bd77-10405a4f5d78", "level": "info", "logger": "app.services.solicitud", "service": "solicitudes-api", "timestamp": "2026-08-01T03:54:51.110162Z"}
solicitudes-consumer  | {"event": "HTTP Request: POST http://backend:8000/solicitudes \"HTTP/1.1 201 Created\"", "level": "info", "logger": "httpx", "service": "solicitudes-consumer", "timestamp": "2026-08-01T03:54:51.152310Z"}
solicitudes-backend   | {"method": "POST", "path": "/solicitudes", "status": 201, "duration_ms": 11.85, "event": "peticion_completada", "correlation_id": "6168dab2-2dca-41fe-bd77-10405a4f5d78", "level": "info", "logger": "app.core.middleware", "service": "solicitudes-api", "timestamp": "2026-08-01T03:54:51.112143Z"}
solicitudes-backend   | {"event": "172.23.0.4:49356 - \"POST /solicitudes HTTP/1.1\" 201", "correlation_id": "6168dab2-2dca-41fe-bd77-10405a4f5d78", "level": "info", "logger": "uvicorn.access", "service": "solicitudes-api", "timestamp": "2026-08-01T03:54:51.112892Z"}
solicitudes-consumer  | {"method": "POST", "path": "/solicitudes", "status": 201, "intento": 1, "duration_ms": 8.82, "correlation_id": "8dd3ddef-42be-4e53-8ac1-463811120afc", "event": "peticion_exitosa", "level": "info", "logger": "app.cliente_solicitudes", "service": "solicitudes-consumer", "timestamp": "2026-08-01T03:54:51.152616Z"}
solicitudes-consumer  | {"event": "HTTP Request: POST http://backend:8000/solicitudes \"HTTP/1.1 201 Created\"", "level": "info", "logger": "httpx", "service": "solicitudes-consumer", "timestamp": "2026-08-01T03:54:51.162947Z"}
solicitudes-db        | 2026-08-01 03:54:40.169 UTC [44] LOG:  database system was shut down at 2026-08-01 03:54:39 UTC
solicitudes-db        | 2026-08-01 03:54:40.191 UTC [41] LOG:  database system is ready to accept connections
solicitudes-consumer  | {"method": "POST", "path": "/solicitudes", "status": 201, "intento": 1, "duration_ms": 10.43, "correlation_id": "21970340-4d91-405e-8eea-1216cf5714c3", "event": "peticion_exitosa", "level": "info", "logger": "app.cliente_solicitudes", "service": "solicitudes-consumer", "timestamp": "2026-08-01T03:54:51.163283Z"}
solicitudes-consumer  | {"event": "HTTP Request: POST http://backend:8000/solicitudes \"HTTP/1.1 409 Conflict\"", "level": "info", "logger": "httpx", "service": "solicitudes-consumer", "timestamp": "2026-08-01T03:54:51.170164Z"}
solicitudes-backend   | {"solicitud_id": "1d3703f9-9b06-4586-b214-152ecf1571e4", "identificador_externo": "EXT-1d0897c2-005", "event": "solicitud_creada", "correlation_id": "63e6e687-0821-4ff1-b3a9-a143c4bcf8b4", "level": "info", "logger": "app.services.solicitud", "service": "solicitudes-api", "timestamp": "2026-08-01T03:54:51.121906Z"}
solicitudes-backend   | {"method": "POST", "path": "/solicitudes", "status": 201, "duration_ms": 7.58, "event": "peticion_completada", "correlation_id": "63e6e687-0821-4ff1-b3a9-a143c4bcf8b4", "level": "info", "logger": "app.core.middleware", "service": "solicitudes-api", "timestamp": "2026-08-01T03:54:51.122950Z"}
solicitudes-backend   | {"event": "172.23.0.4:49356 - \"POST /solicitudes HTTP/1.1\" 201", "correlation_id": "63e6e687-0821-4ff1-b3a9-a143c4bcf8b4", "level": "info", "logger": "uvicorn.access", "service": "solicitudes-api", "timestamp": "2026-08-01T03:54:51.123172Z"}
solicitudes-db        |  done
solicitudes-backend   | {"solicitud_id": "9e488a86-9c2b-483d-8f05-fe9434f948f3", "identificador_externo": "EXT-1d0897c2-006", "event": "solicitud_creada", "correlation_id": "bb316cd2-1fb9-4240-8a0b-3dd8e8559543", "level": "info", "logger": "app.services.solicitud", "service": "solicitudes-api", "timestamp": "2026-08-01T03:54:51.131413Z"}
solicitudes-backend   | {"method": "POST", "path": "/solicitudes", "status": 201, "duration_ms": 8.11, "event": "peticion_completada", "correlation_id": "bb316cd2-1fb9-4240-8a0b-3dd8e8559543", "level": "info", "logger": "app.core.middleware", "service": "solicitudes-api", "timestamp": "2026-08-01T03:54:51.132859Z"}
solicitudes-consumer  | {"method": "POST", "path": "/solicitudes", "status": 409, "intento": 1, "duration_ms": 7.04, "correlation_id": "070ce3b6-717a-4fc0-bfd6-4eccec7e0483", "detalle": "Ya existe una solicitud registrada con ese identificador externo.", "event": "peticion_fallida_definitiva", "level": "warning", "logger": "app.cliente_solicitudes", "service": "solicitudes-consumer", "timestamp": "2026-08-01T03:54:51.170852Z"}
solicitudes-backend   | {"event": "172.23.0.4:49356 - \"POST /solicitudes HTTP/1.1\" 201", "correlation_id": "bb316cd2-1fb9-4240-8a0b-3dd8e8559543", "level": "info", "logger": "uvicorn.access", "service": "solicitudes-api", "timestamp": "2026-08-01T03:54:51.133481Z"}
solicitudes-backend   | {"solicitud_id": "2b9853df-8645-4fa5-985d-c5f649d6fccb", "identificador_externo": "EXT-1d0897c2-007", "event": "solicitud_creada", "correlation_id": "e76fd367-0221-45a5-bceb-8d8349b12c1d", "level": "info", "logger": "app.services.solicitud", "service": "solicitudes-api", "timestamp": "2026-08-01T03:54:51.141444Z"}
solicitudes-backend   | {"method": "POST", "path": "/solicitudes", "status": 201, "duration_ms": 7.03, "event": "peticion_completada", "correlation_id": "e76fd367-0221-45a5-bceb-8d8349b12c1d", "level": "info", "logger": "app.core.middleware", "service": "solicitudes-api", "timestamp": "2026-08-01T03:54:51.142545Z"}
solicitudes-backend   | {"event": "172.23.0.4:49356 - \"POST /solicitudes HTTP/1.1\" 201", "correlation_id": "e76fd367-0221-45a5-bceb-8d8349b12c1d", "level": "info", "logger": "uvicorn.access", "service": "solicitudes-api", "timestamp": "2026-08-01T03:54:51.142790Z"}
solicitudes-backend   | {"solicitud_id": "12d67406-8d25-40a2-938c-8fea0d4d3fd1", "identificador_externo": "EXT-1d0897c2-008", "event": "solicitud_creada", "correlation_id": "8dd3ddef-42be-4e53-8ac1-463811120afc", "level": "info", "logger": "app.services.solicitud", "service": "solicitudes-api", "timestamp": "2026-08-01T03:54:51.150448Z"}
solicitudes-db        | server started
solicitudes-consumer  | {"exitosas": 10, "fallidas_definitivas": 1, "fallidas_transitorias": 0, "event": "fase_creacion_completada", "level": "info", "logger": "__main__", "service": "solicitudes-consumer", "timestamp": "2026-08-01T03:54:51.171055Z"}
solicitudes-consumer  | {"event": "HTTP Request: GET http://backend:8000/solicitudes/51202689-a86b-4240-8115-93f7aaaf6394 \"HTTP/1.1 200 OK\"", "level": "info", "logger": "httpx", "service": "solicitudes-consumer", "timestamp": "2026-08-01T03:54:51.179717Z"}
solicitudes-db        | CREATE DATABASE
solicitudes-db        | 
solicitudes-db        | 
solicitudes-db        | /usr/local/bin/docker-entrypoint.sh: ignoring /docker-entrypoint-initdb.d/*
solicitudes-backend   | {"method": "POST", "path": "/solicitudes", "status": 201, "duration_ms": 7.02, "event": "peticion_completada", "correlation_id": "8dd3ddef-42be-4e53-8ac1-463811120afc", "level": "info", "logger": "app.core.middleware", "service": "solicitudes-api", "timestamp": "2026-08-01T03:54:51.151529Z"}
solicitudes-backend   | {"event": "172.23.0.4:49356 - \"POST /solicitudes HTTP/1.1\" 201", "correlation_id": "8dd3ddef-42be-4e53-8ac1-463811120afc", "level": "info", "logger": "uvicorn.access", "service": "solicitudes-api", "timestamp": "2026-08-01T03:54:51.151750Z"}
solicitudes-backend   | {"solicitud_id": "1549b3bd-57f4-434d-bad0-31ea473b298c", "identificador_externo": "EXT-1d0897c2-009", "event": "solicitud_creada", "correlation_id": "21970340-4d91-405e-8eea-1216cf5714c3", "level": "info", "logger": "app.services.solicitud", "service": "solicitudes-api", "timestamp": "2026-08-01T03:54:51.160032Z"}
solicitudes-db        | 
solicitudes-db        | waiting for server to shut down...2026-08-01 03:54:40.402 UTC [41] LOG:  received fast shutdown request
solicitudes-consumer  | {"method": "GET", "path": "/solicitudes/51202689-a86b-4240-8115-93f7aaaf6394", "status": 200, "intento": 1, "duration_ms": 8.83, "correlation_id": "2e3dd1a2-addd-4ebb-8fc2-9c70c3ff8659", "event": "peticion_exitosa", "level": "info", "logger": "app.cliente_solicitudes", "service": "solicitudes-consumer", "timestamp": "2026-08-01T03:54:51.180024Z"}
solicitudes-db        | .2026-08-01 03:54:40.410 UTC [41] LOG:  aborting any active transactions
solicitudes-db        | 2026-08-01 03:54:40.420 UTC [41] LOG:  background worker "logical replication launcher" (PID 47) exited with exit code 1
solicitudes-db        | 2026-08-01 03:54:40.421 UTC [42] LOG:  shutting down
solicitudes-db        | 2026-08-01 03:54:40.430 UTC [42] LOG:  checkpoint starting: shutdown immediate
solicitudes-db        | 2026-08-01 03:54:40.659 UTC [42] LOG:  checkpoint complete: wrote 926 buffers (5.7%); 0 WAL file(s) added, 0 removed, 0 recycled; write=0.148 s, sync=0.058 s, total=0.238 s; sync files=301, longest=0.008 s, average=0.001 s; distance=4283 kB, estimate=4283 kB; lsn=0/1925D70, redo lsn=0/1925D70
solicitudes-consumer  | {"solicitud_id": "51202689-a86b-4240-8115-93f7aaaf6394", "identificador_externo": "EXT-1d0897c2-000", "estado": "recibida", "event": "estado_confirmado", "level": "info", "logger": "__main__", "service": "solicitudes-consumer", "timestamp": "2026-08-01T03:54:51.180181Z"}
solicitudes-consumer  | {"event": "HTTP Request: GET http://backend:8000/solicitudes/45fe3c35-e193-4482-aa6a-e86abcf3ca48 \"HTTP/1.1 200 OK\"", "level": "info", "logger": "httpx", "service": "solicitudes-consumer", "timestamp": "2026-08-01T03:54:51.187069Z"}
solicitudes-db        | 2026-08-01 03:54:40.666 UTC [41] LOG:  database system is shut down
solicitudes-db        |  done
solicitudes-db        | server stopped
solicitudes-consumer  | {"method": "GET", "path": "/solicitudes/45fe3c35-e193-4482-aa6a-e86abcf3ca48", "status": 200, "intento": 1, "duration_ms": 7.1, "correlation_id": "e4ad5f0e-7646-42a7-b001-a112b8e3b79b", "event": "peticion_exitosa", "level": "info", "logger": "app.cliente_solicitudes", "service": "solicitudes-consumer", "timestamp": "2026-08-01T03:54:51.187416Z"}
solicitudes-consumer  | {"solicitud_id": "45fe3c35-e193-4482-aa6a-e86abcf3ca48", "identificador_externo": "EXT-1d0897c2-001", "estado": "recibida", "event": "estado_confirmado", "level": "info", "logger": "__main__", "service": "solicitudes-consumer", "timestamp": "2026-08-01T03:54:51.187715Z"}
solicitudes-consumer  | {"event": "HTTP Request: GET http://backend:8000/solicitudes/cc5547ab-d48e-4cd8-95a8-0933c311396a \"HTTP/1.1 200 OK\"", "level": "info", "logger": "httpx", "service": "solicitudes-consumer", "timestamp": "2026-08-01T03:54:51.193741Z"}
solicitudes-db        | 
solicitudes-db        | PostgreSQL init process complete; ready for start up.
solicitudes-consumer  | {"method": "GET", "path": "/solicitudes/cc5547ab-d48e-4cd8-95a8-0933c311396a", "status": 200, "intento": 1, "duration_ms": 6.1, "correlation_id": "1372ae71-c011-4b81-b923-a50f3919222f", "event": "peticion_exitosa", "level": "info", "logger": "app.cliente_solicitudes", "service": "solicitudes-consumer", "timestamp": "2026-08-01T03:54:51.194144Z"}
solicitudes-consumer  | {"solicitud_id": "cc5547ab-d48e-4cd8-95a8-0933c311396a", "identificador_externo": "EXT-1d0897c2-002", "estado": "recibida", "event": "estado_confirmado", "level": "info", "logger": "__main__", "service": "solicitudes-consumer", "timestamp": "2026-08-01T03:54:51.194322Z"}
solicitudes-backend   | {"method": "POST", "path": "/solicitudes", "status": 201, "duration_ms": 8.18, "event": "peticion_completada", "correlation_id": "21970340-4d91-405e-8eea-1216cf5714c3", "level": "info", "logger": "app.core.middleware", "service": "solicitudes-api", "timestamp": "2026-08-01T03:54:51.161981Z"}
solicitudes-backend   | {"event": "172.23.0.4:49356 - \"POST /solicitudes HTTP/1.1\" 201", "correlation_id": "21970340-4d91-405e-8eea-1216cf5714c3", "level": "info", "logger": "uvicorn.access", "service": "solicitudes-api", "timestamp": "2026-08-01T03:54:51.162336Z"}
solicitudes-backend   | {"tipo": "solicitud_duplicada", "status": 409, "mensaje": "Ya existe una solicitud registrada con ese identificador externo.", "event": "error_dominio", "correlation_id": "070ce3b6-717a-4fc0-bfd6-4eccec7e0483", "level": "warning", "logger": "app.core.error_handlers", "service": "solicitudes-api", "timestamp": "2026-08-01T03:54:51.169094Z"}
solicitudes-backend   | {"method": "POST", "path": "/solicitudes", "status": 409, "duration_ms": 5.37, "event": "peticion_completada", "correlation_id": "070ce3b6-717a-4fc0-bfd6-4eccec7e0483", "level": "info", "logger": "app.core.middleware", "service": "solicitudes-api", "timestamp": "2026-08-01T03:54:51.169445Z"}
solicitudes-backend   | {"event": "172.23.0.4:49356 - \"POST /solicitudes HTTP/1.1\" 409", "correlation_id": "070ce3b6-717a-4fc0-bfd6-4eccec7e0483", "level": "info", "logger": "uvicorn.access", "service": "solicitudes-api", "timestamp": "2026-08-01T03:54:51.169637Z"}
solicitudes-db        | 
solicitudes-db        | 2026-08-01 03:54:40.751 UTC [1] LOG:  starting PostgreSQL 16.14 on x86_64-pc-linux-musl, compiled by gcc (Alpine 15.2.0) 15.2.0, 64-bit
solicitudes-backend   | {"method": "GET", "path": "/solicitudes/51202689-a86b-4240-8115-93f7aaaf6394", "status": 200, "duration_ms": 7.05, "event": "peticion_completada", "correlation_id": "2e3dd1a2-addd-4ebb-8fc2-9c70c3ff8659", "level": "info", "logger": "app.core.middleware", "service": "solicitudes-api", "timestamp": "2026-08-01T03:54:51.178891Z"}
solicitudes-backend   | {"event": "172.23.0.4:49356 - \"GET /solicitudes/51202689-a86b-4240-8115-93f7aaaf6394 HTTP/1.1\" 200", "correlation_id": "2e3dd1a2-addd-4ebb-8fc2-9c70c3ff8659", "level": "info", "logger": "uvicorn.access", "service": "solicitudes-api", "timestamp": "2026-08-01T03:54:51.179166Z"}
solicitudes-backend   | {"method": "GET", "path": "/solicitudes/45fe3c35-e193-4482-aa6a-e86abcf3ca48", "status": 200, "duration_ms": 5.06, "event": "peticion_completada", "correlation_id": "e4ad5f0e-7646-42a7-b001-a112b8e3b79b", "level": "info", "logger": "app.core.middleware", "service": "solicitudes-api", "timestamp": "2026-08-01T03:54:51.186113Z"}
solicitudes-backend   | {"event": "172.23.0.4:49356 - \"GET /solicitudes/45fe3c35-e193-4482-aa6a-e86abcf3ca48 HTTP/1.1\" 200", "correlation_id": "e4ad5f0e-7646-42a7-b001-a112b8e3b79b", "level": "info", "logger": "uvicorn.access", "service": "solicitudes-api", "timestamp": "2026-08-01T03:54:51.186404Z"}
solicitudes-consumer  | {"event": "HTTP Request: GET http://backend:8000/solicitudes/bc158683-afb3-4713-9897-31b342253231 \"HTTP/1.1 200 OK\"", "level": "info", "logger": "httpx", "service": "solicitudes-consumer", "timestamp": "2026-08-01T03:54:51.200368Z"}
solicitudes-consumer  | {"method": "GET", "path": "/solicitudes/bc158683-afb3-4713-9897-31b342253231", "status": 200, "intento": 1, "duration_ms": 6.22, "correlation_id": "0feb39a3-94e9-4665-a7da-cd155c58da8f", "event": "peticion_exitosa", "level": "info", "logger": "app.cliente_solicitudes", "service": "solicitudes-consumer", "timestamp": "2026-08-01T03:54:51.200675Z"}
solicitudes-db        | 2026-08-01 03:54:40.754 UTC [1] LOG:  listening on IPv4 address "0.0.0.0", port 5432
solicitudes-db        | 2026-08-01 03:54:40.754 UTC [1] LOG:  listening on IPv6 address "::", port 5432
solicitudes-db        | 2026-08-01 03:54:40.774 UTC [1] LOG:  listening on Unix socket "/var/run/postgresql/.s.PGSQL.5432"
solicitudes-db        | 2026-08-01 03:54:40.788 UTC [57] LOG:  database system was shut down at 2026-08-01 03:54:40 UTC
solicitudes-db        | 2026-08-01 03:54:40.798 UTC [1] LOG:  database system is ready to accept connections
solicitudes-backend   | {"method": "GET", "path": "/solicitudes/cc5547ab-d48e-4cd8-95a8-0933c311396a", "status": 200, "duration_ms": 3.81, "event": "peticion_completada", "correlation_id": "1372ae71-c011-4b81-b923-a50f3919222f", "level": "info", "logger": "app.core.middleware", "service": "solicitudes-api", "timestamp": "2026-08-01T03:54:51.192965Z"}
solicitudes-consumer  | {"solicitud_id": "bc158683-afb3-4713-9897-31b342253231", "identificador_externo": "EXT-1d0897c2-003", "estado": "recibida", "event": "estado_confirmado", "level": "info", "logger": "__main__", "service": "solicitudes-consumer", "timestamp": "2026-08-01T03:54:51.200840Z"}
solicitudes-consumer  | {"event": "HTTP Request: GET http://backend:8000/solicitudes/57102a67-42ee-4235-b10f-688ed9691e3c \"HTTP/1.1 200 OK\"", "level": "info", "logger": "httpx", "service": "solicitudes-consumer", "timestamp": "2026-08-01T03:54:51.206319Z"}
solicitudes-backend   | {"event": "172.23.0.4:49356 - \"GET /solicitudes/cc5547ab-d48e-4cd8-95a8-0933c311396a HTTP/1.1\" 200", "correlation_id": "1372ae71-c011-4b81-b923-a50f3919222f", "level": "info", "logger": "uvicorn.access", "service": "solicitudes-api", "timestamp": "2026-08-01T03:54:51.193233Z"}
solicitudes-consumer  | {"method": "GET", "path": "/solicitudes/57102a67-42ee-4235-b10f-688ed9691e3c", "status": 200, "intento": 1, "duration_ms": 5.63, "correlation_id": "b218c2c6-71f3-4e6d-9d72-298d729b16d3", "event": "peticion_exitosa", "level": "info", "logger": "app.cliente_solicitudes", "service": "solicitudes-consumer", "timestamp": "2026-08-01T03:54:51.206627Z"}
solicitudes-consumer  | {"solicitud_id": "57102a67-42ee-4235-b10f-688ed9691e3c", "identificador_externo": "EXT-1d0897c2-004", "estado": "recibida", "event": "estado_confirmado", "level": "info", "logger": "__main__", "service": "solicitudes-consumer", "timestamp": "2026-08-01T03:54:51.206823Z"}
solicitudes-consumer  | {"event": "HTTP Request: GET http://backend:8000/solicitudes/1d3703f9-9b06-4586-b214-152ecf1571e4 \"HTTP/1.1 200 OK\"", "level": "info", "logger": "httpx", "service": "solicitudes-consumer", "timestamp": "2026-08-01T03:54:51.212349Z"}
solicitudes-consumer  | {"method": "GET", "path": "/solicitudes/1d3703f9-9b06-4586-b214-152ecf1571e4", "status": 200, "intento": 1, "duration_ms": 5.71, "correlation_id": "929be8ce-663d-4cdd-858e-30768225d50a", "event": "peticion_exitosa", "level": "info", "logger": "app.cliente_solicitudes", "service": "solicitudes-consumer", "timestamp": "2026-08-01T03:54:51.212663Z"}
solicitudes-consumer  | {"solicitud_id": "1d3703f9-9b06-4586-b214-152ecf1571e4", "identificador_externo": "EXT-1d0897c2-005", "estado": "recibida", "event": "estado_confirmado", "level": "info", "logger": "__main__", "service": "solicitudes-consumer", "timestamp": "2026-08-01T03:54:51.212856Z"}
solicitudes-consumer  | {"event": "HTTP Request: GET http://backend:8000/solicitudes/9e488a86-9c2b-483d-8f05-fe9434f948f3 \"HTTP/1.1 200 OK\"", "level": "info", "logger": "httpx", "service": "solicitudes-consumer", "timestamp": "2026-08-01T03:54:51.218687Z"}
solicitudes-backend   | {"method": "GET", "path": "/solicitudes/bc158683-afb3-4713-9897-31b342253231", "status": 200, "duration_ms": 3.14, "event": "peticion_completada", "correlation_id": "0feb39a3-94e9-4665-a7da-cd155c58da8f", "level": "info", "logger": "app.core.middleware", "service": "solicitudes-api", "timestamp": "2026-08-01T03:54:51.199626Z"}
solicitudes-backend   | {"event": "172.23.0.4:49356 - \"GET /solicitudes/bc158683-afb3-4713-9897-31b342253231 HTTP/1.1\" 200", "correlation_id": "0feb39a3-94e9-4665-a7da-cd155c58da8f", "level": "info", "logger": "uvicorn.access", "service": "solicitudes-api", "timestamp": "2026-08-01T03:54:51.199884Z"}
solicitudes-backend   | {"method": "GET", "path": "/solicitudes/57102a67-42ee-4235-b10f-688ed9691e3c", "status": 200, "duration_ms": 3.96, "event": "peticion_completada", "correlation_id": "b218c2c6-71f3-4e6d-9d72-298d729b16d3", "level": "info", "logger": "app.core.middleware", "service": "solicitudes-api", "timestamp": "2026-08-01T03:54:51.205439Z"}
solicitudes-backend   | {"event": "172.23.0.4:49356 - \"GET /solicitudes/57102a67-42ee-4235-b10f-688ed9691e3c HTTP/1.1\" 200", "correlation_id": "b218c2c6-71f3-4e6d-9d72-298d729b16d3", "level": "info", "logger": "uvicorn.access", "service": "solicitudes-api", "timestamp": "2026-08-01T03:54:51.205705Z"}
solicitudes-consumer  | {"method": "GET", "path": "/solicitudes/9e488a86-9c2b-483d-8f05-fe9434f948f3", "status": 200, "intento": 1, "duration_ms": 5.95, "correlation_id": "21a20beb-073b-43f7-85ac-c3058d378f7d", "event": "peticion_exitosa", "level": "info", "logger": "app.cliente_solicitudes", "service": "solicitudes-consumer", "timestamp": "2026-08-01T03:54:51.218978Z"}
solicitudes-consumer  | {"solicitud_id": "9e488a86-9c2b-483d-8f05-fe9434f948f3", "identificador_externo": "EXT-1d0897c2-006", "estado": "recibida", "event": "estado_confirmado", "level": "info", "logger": "__main__", "service": "solicitudes-consumer", "timestamp": "2026-08-01T03:54:51.219182Z"}
solicitudes-consumer  | {"event": "HTTP Request: GET http://backend:8000/solicitudes/2b9853df-8645-4fa5-985d-c5f649d6fccb \"HTTP/1.1 200 OK\"", "level": "info", "logger": "httpx", "service": "solicitudes-consumer", "timestamp": "2026-08-01T03:54:51.224395Z"}
solicitudes-consumer  | {"method": "GET", "path": "/solicitudes/2b9853df-8645-4fa5-985d-c5f649d6fccb", "status": 200, "intento": 1, "duration_ms": 5.4, "correlation_id": "064eec21-326e-4348-9015-3376eb7b0102", "event": "peticion_exitosa", "level": "info", "logger": "app.cliente_solicitudes", "service": "solicitudes-consumer", "timestamp": "2026-08-01T03:54:51.224740Z"}
solicitudes-consumer  | {"solicitud_id": "2b9853df-8645-4fa5-985d-c5f649d6fccb", "identificador_externo": "EXT-1d0897c2-007", "estado": "recibida", "event": "estado_confirmado", "level": "info", "logger": "__main__", "service": "solicitudes-consumer", "timestamp": "2026-08-01T03:54:51.224936Z"}
solicitudes-consumer  | {"event": "HTTP Request: GET http://backend:8000/solicitudes/12d67406-8d25-40a2-938c-8fea0d4d3fd1 \"HTTP/1.1 200 OK\"", "level": "info", "logger": "httpx", "service": "solicitudes-consumer", "timestamp": "2026-08-01T03:54:51.233203Z"}
solicitudes-consumer  | {"method": "GET", "path": "/solicitudes/12d67406-8d25-40a2-938c-8fea0d4d3fd1", "status": 200, "intento": 1, "duration_ms": 8.43, "correlation_id": "f577f997-e391-4d83-81e6-5986166958af", "event": "peticion_exitosa", "level": "info", "logger": "app.cliente_solicitudes", "service": "solicitudes-consumer", "timestamp": "2026-08-01T03:54:51.233532Z"}
solicitudes-consumer  | {"solicitud_id": "12d67406-8d25-40a2-938c-8fea0d4d3fd1", "identificador_externo": "EXT-1d0897c2-008", "estado": "recibida", "event": "estado_confirmado", "level": "info", "logger": "__main__", "service": "solicitudes-consumer", "timestamp": "2026-08-01T03:54:51.233716Z"}
solicitudes-backend   | {"method": "GET", "path": "/solicitudes/1d3703f9-9b06-4586-b214-152ecf1571e4", "status": 200, "duration_ms": 3.91, "event": "peticion_completada", "correlation_id": "929be8ce-663d-4cdd-858e-30768225d50a", "level": "info", "logger": "app.core.middleware", "service": "solicitudes-api", "timestamp": "2026-08-01T03:54:51.211420Z"}
solicitudes-consumer  | {"event": "HTTP Request: GET http://backend:8000/solicitudes/1549b3bd-57f4-434d-bad0-31ea473b298c \"HTTP/1.1 200 OK\"", "level": "info", "logger": "httpx", "service": "solicitudes-consumer", "timestamp": "2026-08-01T03:54:51.240291Z"}
solicitudes-consumer  | {"method": "GET", "path": "/solicitudes/1549b3bd-57f4-434d-bad0-31ea473b298c", "status": 200, "intento": 1, "duration_ms": 6.69, "correlation_id": "5ccc05fd-aedb-4356-823e-8df47ba1a015", "event": "peticion_exitosa", "level": "info", "logger": "app.cliente_solicitudes", "service": "solicitudes-consumer", "timestamp": "2026-08-01T03:54:51.240563Z"}
solicitudes-backend   | {"event": "172.23.0.4:49356 - \"GET /solicitudes/1d3703f9-9b06-4586-b214-152ecf1571e4 HTTP/1.1\" 200", "correlation_id": "929be8ce-663d-4cdd-858e-30768225d50a", "level": "info", "logger": "uvicorn.access", "service": "solicitudes-api", "timestamp": "2026-08-01T03:54:51.211740Z"}
solicitudes-consumer  | {"solicitud_id": "1549b3bd-57f4-434d-bad0-31ea473b298c", "identificador_externo": "EXT-1d0897c2-009", "estado": "recibida", "event": "estado_confirmado", "level": "info", "logger": "__main__", "service": "solicitudes-consumer", "timestamp": "2026-08-01T03:54:51.240717Z"}
solicitudes-consumer  | {"total_generadas": 11, "creadas_exitosas": 10, "fallidas_definitivas": 1, "fallidas_transitorias": 0, "consultas_confirmadas": 10, "intentos_http_totales": 11, "event": "resumen_ejecucion", "level": "info", "logger": "__main__", "service": "solicitudes-consumer", "timestamp": "2026-08-01T03:54:51.240821Z"}
solicitudes-backend   | {"method": "GET", "path": "/solicitudes/9e488a86-9c2b-483d-8f05-fe9434f948f3", "status": 200, "duration_ms": 4.17, "event": "peticion_completada", "correlation_id": "21a20beb-073b-43f7-85ac-c3058d378f7d", "level": "info", "logger": "app.core.middleware", "service": "solicitudes-api", "timestamp": "2026-08-01T03:54:51.217744Z"}
solicitudes-backend   | {"event": "172.23.0.4:49356 - \"GET /solicitudes/9e488a86-9c2b-483d-8f05-fe9434f948f3 HTTP/1.1\" 200", "correlation_id": "21a20beb-073b-43f7-85ac-c3058d378f7d", "level": "info", "logger": "uvicorn.access", "service": "solicitudes-api", "timestamp": "2026-08-01T03:54:51.218044Z"}
solicitudes-backend   | {"method": "GET", "path": "/solicitudes/2b9853df-8645-4fa5-985d-c5f649d6fccb", "status": 200, "duration_ms": 2.91, "event": "peticion_completada", "correlation_id": "064eec21-326e-4348-9015-3376eb7b0102", "level": "info", "logger": "app.core.middleware", "service": "solicitudes-api", "timestamp": "2026-08-01T03:54:51.222796Z"}
solicitudes-backend   | {"event": "172.23.0.4:49356 - \"GET /solicitudes/2b9853df-8645-4fa5-985d-c5f649d6fccb HTTP/1.1\" 200", "correlation_id": "064eec21-326e-4348-9015-3376eb7b0102", "level": "info", "logger": "uvicorn.access", "service": "solicitudes-api", "timestamp": "2026-08-01T03:54:51.223541Z"}
solicitudes-backend   | {"method": "GET", "path": "/solicitudes/12d67406-8d25-40a2-938c-8fea0d4d3fd1", "status": 200, "duration_ms": 5.84, "event": "peticion_completada", "correlation_id": "f577f997-e391-4d83-81e6-5986166958af", "level": "info", "logger": "app.core.middleware", "service": "solicitudes-api", "timestamp": "2026-08-01T03:54:51.232009Z"}
solicitudes-backend   | {"event": "172.23.0.4:49356 - \"GET /solicitudes/12d67406-8d25-40a2-938c-8fea0d4d3fd1 HTTP/1.1\" 200", "correlation_id": "f577f997-e391-4d83-81e6-5986166958af", "level": "info", "logger": "uvicorn.access", "service": "solicitudes-api", "timestamp": "2026-08-01T03:54:51.232479Z"}
solicitudes-backend   | {"method": "GET", "path": "/solicitudes/1549b3bd-57f4-434d-bad0-31ea473b298c", "status": 200, "duration_ms": 4.92, "event": "peticion_completada", "correlation_id": "5ccc05fd-aedb-4356-823e-8df47ba1a015", "level": "info", "logger": "app.core.middleware", "service": "solicitudes-api", "timestamp": "2026-08-01T03:54:51.239445Z"}
solicitudes-backend   | {"event": "172.23.0.4:49356 - \"GET /solicitudes/1549b3bd-57f4-434d-bad0-31ea473b298c HTTP/1.1\" 200", "correlation_id": "5ccc05fd-aedb-4356-823e-8df47ba1a015", "level": "info", "logger": "uvicorn.access", "service": "solicitudes-api", "timestamp": "2026-08-01T03:54:51.239723Z"}
solicitudes-backend   | {"method": "GET", "path": "/health/ready", "status": 200, "duration_ms": 4.57, "event": "peticion_completada", "correlation_id": "4224f5b4-4180-4362-ae6d-cc4926c9e612", "level": "info", "logger": "app.core.middleware", "service": "solicitudes-api", "timestamp": "2026-08-01T03:54:54.176828Z"}
solicitudes-backend   | {"event": "127.0.0.1:41790 - \"GET /health/ready HTTP/1.1\" 200", "correlation_id": "4224f5b4-4180-4362-ae6d-cc4926c9e612", "level": "info", "logger": "uvicorn.access", "service": "solicitudes-api", "timestamp": "2026-08-01T03:54:54.177140Z"}
solicitudes-backend   | {"method": "GET", "path": "/health/ready", "status": 200, "duration_ms": 2.55, "event": "peticion_completada", "correlation_id": "6681abcb-da81-4d41-85f3-5a68af635c59", "level": "info", "logger": "app.core.middleware", "service": "solicitudes-api", "timestamp": "2026-08-01T03:54:59.480505Z"}
solicitudes-backend   | {"event": "127.0.0.1:56370 - \"GET /health/ready HTTP/1.1\" 200", "correlation_id": "6681abcb-da81-4d41-85f3-5a68af635c59", "level": "info", "logger": "uvicorn.access", "service": "solicitudes-api", "timestamp": "2026-08-01T03:54:59.480800Z"}
solicitudes-backend   | {"method": "GET", "path": "/health/ready", "status": 200, "duration_ms": 3.08, "event": "peticion_completada", "correlation_id": "cef0dcb3-5743-492b-8338-377ea5dc44f5", "level": "info", "logger": "app.core.middleware", "service": "solicitudes-api", "timestamp": "2026-08-01T03:55:04.760966Z"}
solicitudes-backend   | {"event": "127.0.0.1:56380 - \"GET /health/ready HTTP/1.1\" 200", "correlation_id": "cef0dcb3-5743-492b-8338-377ea5dc44f5", "level": "info", "logger": "uvicorn.access", "service": "solicitudes-api", "timestamp": "2026-08-01T03:55:04.761501Z"}
solicitudes-backend   | {"method": "GET", "path": "/health/ready", "status": 200, "duration_ms": 4.06, "event": "peticion_completada", "correlation_id": "d8287019-92df-4a48-962d-b486c9551c3c", "level": "info", "logger": "app.core.middleware", "service": "solicitudes-api", "timestamp": "2026-08-01T03:55:10.205793Z"}
solicitudes-backend   | {"event": "127.0.0.1:42702 - \"GET /health/ready HTTP/1.1\" 200", "correlation_id": "d8287019-92df-4a48-962d-b486c9551c3c", "level": "info", "logger": "uvicorn.access", "service": "solicitudes-api", "timestamp": "2026-08-01T03:55:10.206469Z"}
solicitudes-backend   | {"method": "GET", "path": "/health/ready", "status": 200, "duration_ms": 2.82, "event": "peticion_completada", "correlation_id": "aa4d6d6d-b305-4104-9554-acf9592fd7d9", "level": "info", "logger": "app.core.middleware", "service": "solicitudes-api", "timestamp": "2026-08-01T03:55:15.471432Z"}
solicitudes-backend   | {"event": "127.0.0.1:42712 - \"GET /health/ready HTTP/1.1\" 200", "correlation_id": "aa4d6d6d-b305-4104-9554-acf9592fd7d9", "level": "info", "logger": "uvicorn.access", "service": "solicitudes-api", "timestamp": "2026-08-01T03:55:15.471784Z"}
solicitudes-backend   | {"method": "GET", "path": "/health/ready", "status": 200, "duration_ms": 1.8, "event": "peticion_completada", "correlation_id": "e639f9ea-5a73-4dea-a64f-14d4f412cb6f", "level": "info", "logger": "app.core.middleware", "service": "solicitudes-api", "timestamp": "2026-08-01T03:55:20.786480Z"}
solicitudes-backend   | {"event": "127.0.0.1:48376 - \"GET /health/ready HTTP/1.1\" 200", "correlation_id": "e639f9ea-5a73-4dea-a64f-14d4f412cb6f", "level": "info", "logger": "uvicorn.access", "service": "solicitudes-api", "timestamp": "2026-08-01T03:55:20.786738Z"}
solicitudes-backend   | {"method": "GET", "path": "/health", "status": 200, "duration_ms": 0.69, "event": "peticion_completada", "correlation_id": "01e26ecb-6e3d-4d90-993e-8eceeb102d22", "level": "info", "logger": "app.core.middleware", "service": "solicitudes-api", "timestamp": "2026-08-01T03:55:26.084903Z"}
solicitudes-backend   | {"event": "172.23.0.1:40084 - \"GET /health HTTP/1.1\" 200", "correlation_id": "01e26ecb-6e3d-4d90-993e-8eceeb102d22", "level": "info", "logger": "uvicorn.access", "service": "solicitudes-api", "timestamp": "2026-08-01T03:55:26.085269Z"}
solicitudes-backend   | {"method": "GET", "path": "/health/ready", "status": 200, "duration_ms": 10.03, "event": "peticion_completada", "correlation_id": "8c1f22f2-813c-432c-8f06-4aa25e61a772", "level": "info", "logger": "app.core.middleware", "service": "solicitudes-api", "timestamp": "2026-08-01T03:55:26.118516Z"}
solicitudes-backend   | {"event": "127.0.0.1:48378 - \"GET /health/ready HTTP/1.1\" 200", "correlation_id": "8c1f22f2-813c-432c-8f06-4aa25e61a772", "level": "info", "logger": "uvicorn.access", "service": "solicitudes-api", "timestamp": "2026-08-01T03:55:26.118776Z"}
solicitudes-backend   | {"method": "GET", "path": "/health/ready", "status": 200, "duration_ms": 2.86, "event": "peticion_completada", "correlation_id": "3990b57c-10ab-445c-b475-3c928518981f", "level": "info", "logger": "app.core.middleware", "service": "solicitudes-api", "timestamp": "2026-08-01T03:55:26.144548Z"}
solicitudes-backend   | {"event": "172.23.0.1:40092 - \"GET /health/ready HTTP/1.1\" 200", "correlation_id": "3990b57c-10ab-445c-b475-3c928518981f", "level": "info", "logger": "uvicorn.access", "service": "solicitudes-api", "timestamp": "2026-08-01T03:55:26.144796Z"}
solicitudes-backend   | {"solicitud_id": "a0eabbac-f38e-4d96-bff0-5b8ae86d298d", "identificador_externo": "SOL-EJEMPLO-001", "event": "solicitud_creada", "correlation_id": "c9811e73-1d2d-45c9-afc3-1349f09146fd", "level": "info", "logger": "app.services.solicitud", "service": "solicitudes-api", "timestamp": "2026-08-01T03:55:26.270207Z"}
solicitudes-backend   | {"method": "POST", "path": "/solicitudes", "status": 201, "duration_ms": 34.51, "event": "peticion_completada", "correlation_id": "c9811e73-1d2d-45c9-afc3-1349f09146fd", "level": "info", "logger": "app.core.middleware", "service": "solicitudes-api", "timestamp": "2026-08-01T03:55:26.273582Z"}
solicitudes-backend   | {"event": "172.23.0.1:40102 - \"POST /solicitudes HTTP/1.1\" 201", "correlation_id": "c9811e73-1d2d-45c9-afc3-1349f09146fd", "level": "info", "logger": "uvicorn.access", "service": "solicitudes-api", "timestamp": "2026-08-01T03:55:26.274084Z"}
solicitudes-backend   | {"tipo": "solicitud_duplicada", "status": 409, "mensaje": "Ya existe una solicitud registrada con ese identificador externo.", "event": "error_dominio", "correlation_id": "caa8d596-1446-4fac-ba2c-62c2da842ac9", "level": "warning", "logger": "app.core.error_handlers", "service": "solicitudes-api", "timestamp": "2026-08-01T03:55:26.628251Z"}
solicitudes-backend   | {"method": "POST", "path": "/solicitudes", "status": 409, "duration_ms": 5.66, "event": "peticion_completada", "correlation_id": "caa8d596-1446-4fac-ba2c-62c2da842ac9", "level": "info", "logger": "app.core.middleware", "service": "solicitudes-api", "timestamp": "2026-08-01T03:55:26.628577Z"}
solicitudes-backend   | {"event": "172.23.0.1:40112 - \"POST /solicitudes HTTP/1.1\" 409", "correlation_id": "caa8d596-1446-4fac-ba2c-62c2da842ac9", "level": "info", "logger": "uvicorn.access", "service": "solicitudes-api", "timestamp": "2026-08-01T03:55:26.628747Z"}
solicitudes-backend   | {"status": 422, "cantidad_errores": 2, "event": "error_validacion", "correlation_id": "db1ab252-e7a4-441d-80b4-41dfe5aa613d", "level": "warning", "logger": "app.core.error_handlers", "service": "solicitudes-api", "timestamp": "2026-08-01T03:55:26.711587Z"}
solicitudes-backend   | {"method": "POST", "path": "/solicitudes", "status": 422, "duration_ms": 6.73, "event": "peticion_completada", "correlation_id": "db1ab252-e7a4-441d-80b4-41dfe5aa613d", "level": "info", "logger": "app.core.middleware", "service": "solicitudes-api", "timestamp": "2026-08-01T03:55:26.711916Z"}
solicitudes-backend   | {"event": "172.23.0.1:40118 - \"POST /solicitudes HTTP/1.1\" 422", "correlation_id": "db1ab252-e7a4-441d-80b4-41dfe5aa613d", "level": "info", "logger": "uvicorn.access", "service": "solicitudes-api", "timestamp": "2026-08-01T03:55:26.712081Z"}
solicitudes-backend   | {"method": "GET", "path": "/solicitudes", "status": 200, "duration_ms": 33.91, "event": "peticion_completada", "correlation_id": "726260de-2663-42ba-9bd5-57d0b87be851", "level": "info", "logger": "app.core.middleware", "service": "solicitudes-api", "timestamp": "2026-08-01T03:55:26.802250Z"}
solicitudes-backend   | {"event": "172.23.0.1:40126 - \"GET /solicitudes?estado=recibida&limit=5 HTTP/1.1\" 200", "correlation_id": "726260de-2663-42ba-9bd5-57d0b87be851", "level": "info", "logger": "uvicorn.access", "service": "solicitudes-api", "timestamp": "2026-08-01T03:55:26.802669Z"}
solicitudes-backend   | {"method": "GET", "path": "/solicitudes/", "status": 307, "duration_ms": 0.57, "event": "peticion_completada", "correlation_id": "124fed76-734a-4765-a4f8-35bb6fbdde33", "level": "info", "logger": "app.core.middleware", "service": "solicitudes-api", "timestamp": "2026-08-01T03:55:26.874957Z"}
solicitudes-backend   | {"event": "172.23.0.1:40132 - \"GET /solicitudes/ HTTP/1.1\" 307", "correlation_id": "124fed76-734a-4765-a4f8-35bb6fbdde33", "level": "info", "logger": "uvicorn.access", "service": "solicitudes-api", "timestamp": "2026-08-01T03:55:26.875280Z"}
solicitudes-backend   | {"method": "PATCH", "path": "/solicitudes//estado", "status": 404, "duration_ms": 0.7, "event": "peticion_completada", "correlation_id": "6ea60a55-b6a9-471f-93c3-658be9280752", "level": "info", "logger": "app.core.middleware", "service": "solicitudes-api", "timestamp": "2026-08-01T03:55:26.964723Z"}
solicitudes-backend   | {"event": "172.23.0.1:40144 - \"PATCH /solicitudes//estado HTTP/1.1\" 404", "correlation_id": "6ea60a55-b6a9-471f-93c3-658be9280752", "level": "info", "logger": "uvicorn.access", "service": "solicitudes-api", "timestamp": "2026-08-01T03:55:26.965314Z"}
solicitudes-backend   | {"method": "PATCH", "path": "/solicitudes//estado", "status": 404, "duration_ms": 0.41, "event": "peticion_completada", "correlation_id": "2096bda0-0bef-4898-a87b-b0e7403ded26", "level": "info", "logger": "app.core.middleware", "service": "solicitudes-api", "timestamp": "2026-08-01T03:55:27.051343Z"}
solicitudes-backend   | {"event": "172.23.0.1:40148 - \"PATCH /solicitudes//estado HTTP/1.1\" 404", "correlation_id": "2096bda0-0bef-4898-a87b-b0e7403ded26", "level": "info", "logger": "uvicorn.access", "service": "solicitudes-api", "timestamp": "2026-08-01T03:55:27.051715Z"}
solicitudes-backend   | {"tipo": "solicitud_no_encontrada", "status": 404, "mensaje": "No existe una solicitud con identificador 00000000-0000-0000-0000-000000000000.", "event": "error_dominio", "correlation_id": "c2de48e8-7cea-4c35-a079-5db2af560ebc", "level": "warning", "logger": "app.core.error_handlers", "service": "solicitudes-api", "timestamp": "2026-08-01T03:55:27.129447Z"}
solicitudes-backend   | {"method": "GET", "path": "/solicitudes/00000000-0000-0000-0000-000000000000", "status": 404, "duration_ms": 7.19, "event": "peticion_completada", "correlation_id": "c2de48e8-7cea-4c35-a079-5db2af560ebc", "level": "info", "logger": "app.core.middleware", "service": "solicitudes-api", "timestamp": "2026-08-01T03:55:27.129908Z"}
solicitudes-backend   | {"event": "172.23.0.1:40152 - \"GET /solicitudes/00000000-0000-0000-0000-000000000000 HTTP/1.1\" 404", "correlation_id": "c2de48e8-7cea-4c35-a079-5db2af560ebc", "level": "info", "logger": "uvicorn.access", "service": "solicitudes-api", "timestamp": "2026-08-01T03:55:27.130118Z"}
solicitudes-backend   | {"method": "GET", "path": "/health/ready", "status": 200, "duration_ms": 4.22, "event": "peticion_completada", "correlation_id": "40514619-55cf-4b8a-a3f5-971d9fc995b5", "level": "info", "logger": "app.core.middleware", "service": "solicitudes-api", "timestamp": "2026-08-01T03:55:31.542528Z"}
solicitudes-backend   | {"event": "127.0.0.1:56670 - \"GET /health/ready HTTP/1.1\" 200", "correlation_id": "40514619-55cf-4b8a-a3f5-971d9fc995b5", "level": "info", "logger": "uvicorn.access", "service": "solicitudes-api", "timestamp": "2026-08-01T03:55:31.542918Z"}
solicitudes-backend   | {"method": "GET", "path": "/health/ready", "status": 200, "duration_ms": 2.99, "event": "peticion_completada", "correlation_id": "39ce4985-fc17-4bd1-ac23-1279c909ac8b", "level": "info", "logger": "app.core.middleware", "service": "solicitudes-api", "timestamp": "2026-08-01T03:55:36.908041Z"}
solicitudes-backend   | {"event": "127.0.0.1:56676 - \"GET /health/ready HTTP/1.1\" 200", "correlation_id": "39ce4985-fc17-4bd1-ac23-1279c909ac8b", "level": "info", "logger": "uvicorn.access", "service": "solicitudes-api", "timestamp": "2026-08-01T03:55:36.908378Z"}
solicitudes-backend   | {"method": "GET", "path": "/health/ready", "status": 200, "duration_ms": 3.07, "event": "peticion_completada", "correlation_id": "ba099bb3-b6d6-409c-a549-b9880656d99c", "level": "info", "logger": "app.core.middleware", "service": "solicitudes-api", "timestamp": "2026-08-01T03:55:42.226833Z"}
solicitudes-backend   | {"event": "127.0.0.1:48102 - \"GET /health/ready HTTP/1.1\" 200", "correlation_id": "ba099bb3-b6d6-409c-a549-b9880656d99c", "level": "info", "logger": "uvicorn.access", "service": "solicitudes-api", "timestamp": "2026-08-01T03:55:42.227137Z"}
solicitudes-backend   | {"method": "GET", "path": "/health/ready", "status": 200, "duration_ms": 2.73, "event": "peticion_completada", "correlation_id": "fb4f52b5-8ce8-418c-8ac3-82fb5ef9af0b", "level": "info", "logger": "app.core.middleware", "service": "solicitudes-api", "timestamp": "2026-08-01T03:55:47.545363Z"}
solicitudes-backend   | {"event": "127.0.0.1:48114 - \"GET /health/ready HTTP/1.1\" 200", "correlation_id": "fb4f52b5-8ce8-418c-8ac3-82fb5ef9af0b", "level": "info", "logger": "uvicorn.access", "service": "solicitudes-api", "timestamp": "2026-08-01T03:55:47.545686Z"}
solicitudes-backend   | {"method": "GET", "path": "/health/ready", "status": 200, "duration_ms": 4.74, "event": "peticion_completada", "correlation_id": "ba1acebd-1b05-465d-9705-0db70e98371b", "level": "info", "logger": "app.core.middleware", "service": "solicitudes-api", "timestamp": "2026-08-01T03:55:52.945845Z"}
solicitudes-backend   | {"event": "127.0.0.1:55692 - \"GET /health/ready HTTP/1.1\" 200", "correlation_id": "ba1acebd-1b05-465d-9705-0db70e98371b", "level": "info", "logger": "uvicorn.access", "service": "solicitudes-api", "timestamp": "2026-08-01T03:55:52.946359Z"}
solicitudes-backend   | {"tipo": "solicitud_duplicada", "status": 409, "mensaje": "Ya existe una solicitud registrada con ese identificador externo.", "event": "error_dominio", "correlation_id": "6191f545-fdf1-401d-a06a-69f9e95da9f0", "level": "warning", "logger": "app.core.error_handlers", "service": "solicitudes-api", "timestamp": "2026-08-01T03:55:53.178110Z"}
solicitudes-backend   | {"method": "POST", "path": "/solicitudes", "status": 409, "duration_ms": 16.31, "event": "peticion_completada", "correlation_id": "6191f545-fdf1-401d-a06a-69f9e95da9f0", "level": "info", "logger": "app.core.middleware", "service": "solicitudes-api", "timestamp": "2026-08-01T03:55:53.178492Z"}
solicitudes-backend   | {"event": "172.23.0.1:52778 - \"POST /solicitudes HTTP/1.1\" 409", "correlation_id": "6191f545-fdf1-401d-a06a-69f9e95da9f0", "level": "info", "logger": "uvicorn.access", "service": "solicitudes-api", "timestamp": "2026-08-01T03:55:53.178696Z"}
solicitudes-backend   | {"method": "PATCH", "path": "/solicitudes//estado", "status": 404, "duration_ms": 0.53, "event": "peticion_completada", "correlation_id": "fa4f632b-412f-4e6e-a562-ae54fa7fe375", "level": "info", "logger": "app.core.middleware", "service": "solicitudes-api", "timestamp": "2026-08-01T03:55:53.427128Z"}
solicitudes-backend   | {"event": "172.23.0.1:52784 - \"PATCH /solicitudes//estado HTTP/1.1\" 404", "correlation_id": "fa4f632b-412f-4e6e-a562-ae54fa7fe375", "level": "info", "logger": "uvicorn.access", "service": "solicitudes-api", "timestamp": "2026-08-01T03:55:53.427374Z"}
solicitudes-backend   | {"method": "PATCH", "path": "/solicitudes//estado", "status": 404, "duration_ms": 0.5, "event": "peticion_completada", "correlation_id": "e9231c80-31c2-4291-8a2b-a4690dbfd980", "level": "info", "logger": "app.core.middleware", "service": "solicitudes-api", "timestamp": "2026-08-01T03:55:53.499938Z"}
solicitudes-backend   | {"event": "172.23.0.1:52794 - \"PATCH /solicitudes//estado HTTP/1.1\" 404", "correlation_id": "e9231c80-31c2-4291-8a2b-a4690dbfd980", "level": "info", "logger": "uvicorn.access", "service": "solicitudes-api", "timestamp": "2026-08-01T03:55:53.500645Z"}
solicitudes-backend   | {"method": "GET", "path": "/solicitudes/", "status": 307, "duration_ms": 0.3, "event": "peticion_completada", "correlation_id": "b89c92da-7d7b-4494-be8a-fc68f7f12bb8", "level": "info", "logger": "app.core.middleware", "service": "solicitudes-api", "timestamp": "2026-08-01T03:55:53.579985Z"}
solicitudes-backend   | {"event": "172.23.0.1:52806 - \"GET /solicitudes/ HTTP/1.1\" 307", "correlation_id": "b89c92da-7d7b-4494-be8a-fc68f7f12bb8", "level": "info", "logger": "uvicorn.access", "service": "solicitudes-api", "timestamp": "2026-08-01T03:55:53.580246Z"}
solicitudes-backend   | {"method": "GET", "path": "/health/ready", "status": 200, "duration_ms": 3.41, "event": "peticion_completada", "correlation_id": "c126f821-1b17-41c6-b88a-7744466647eb", "level": "info", "logger": "app.core.middleware", "service": "solicitudes-api", "timestamp": "2026-08-01T03:55:58.239384Z"}
solicitudes-backend   | {"event": "127.0.0.1:37706 - \"GET /health/ready HTTP/1.1\" 200", "correlation_id": "c126f821-1b17-41c6-b88a-7744466647eb", "level": "info", "logger": "uvicorn.access", "service": "solicitudes-api", "timestamp": "2026-08-01T03:55:58.239703Z"}
solicitudes-backend   | {"method": "GET", "path": "/health/ready", "status": 200, "duration_ms": 2.63, "event": "peticion_completada", "correlation_id": "3f129b84-e838-428a-bf52-7364e4a9f49d", "level": "info", "logger": "app.core.middleware", "service": "solicitudes-api", "timestamp": "2026-08-01T03:56:03.545481Z"}
solicitudes-backend   | {"event": "127.0.0.1:37710 - \"GET /health/ready HTTP/1.1\" 200", "correlation_id": "3f129b84-e838-428a-bf52-7364e4a9f49d", "level": "info", "logger": "uvicorn.access", "service": "solicitudes-api", "timestamp": "2026-08-01T03:56:03.545823Z"}
solicitudes-backend   | {"method": "GET", "path": "/health/ready", "status": 200, "duration_ms": 2.2, "event": "peticion_completada", "correlation_id": "fda74ec3-e550-42a6-8bbd-f6872ae31ddf", "level": "info", "logger": "app.core.middleware", "service": "solicitudes-api", "timestamp": "2026-08-01T03:56:08.850690Z"}
solicitudes-backend   | {"event": "127.0.0.1:43220 - \"GET /health/ready HTTP/1.1\" 200", "correlation_id": "fda74ec3-e550-42a6-8bbd-f6872ae31ddf", "level": "info", "logger": "uvicorn.access", "service": "solicitudes-api", "timestamp": "2026-08-01T03:56:08.850957Z"}
solicitudes-backend   | {"method": "GET", "path": "/health/ready", "status": 200, "duration_ms": 4.26, "event": "peticion_completada", "correlation_id": "740a3b20-6441-4cf3-882a-e149a8aa1158", "level": "info", "logger": "app.core.middleware", "service": "solicitudes-api", "timestamp": "2026-08-01T03:56:14.193852Z"}
solicitudes-backend   | {"event": "127.0.0.1:43228 - \"GET /health/ready HTTP/1.1\" 200", "correlation_id": "740a3b20-6441-4cf3-882a-e149a8aa1158", "level": "info", "logger": "uvicorn.access", "service": "solicitudes-api", "timestamp": "2026-08-01T03:56:14.194226Z"}
solicitudes-backend   | {"method": "GET", "path": "/health/ready", "status": 200, "duration_ms": 3.45, "event": "peticion_completada", "correlation_id": "f61f0a10-51c5-4a8f-bd99-9366e88445e7", "level": "info", "logger": "app.core.middleware", "service": "solicitudes-api", "timestamp": "2026-08-01T03:56:19.512012Z"}
solicitudes-backend   | {"event": "127.0.0.1:45722 - \"GET /health/ready HTTP/1.1\" 200", "correlation_id": "f61f0a10-51c5-4a8f-bd99-9366e88445e7", "level": "info", "logger": "uvicorn.access", "service": "solicitudes-api", "timestamp": "2026-08-01T03:56:19.512382Z"}
solicitudes-backend   | {"method": "GET", "path": "/health/ready", "status": 200, "duration_ms": 3.54, "event": "peticion_completada", "correlation_id": "4c5cf955-be18-40fc-ba30-304e3810a8bd", "level": "info", "logger": "app.core.middleware", "service": "solicitudes-api", "timestamp": "2026-08-01T03:56:24.829099Z"}
solicitudes-backend   | {"event": "127.0.0.1:45738 - \"GET /health/ready HTTP/1.1\" 200", "correlation_id": "4c5cf955-be18-40fc-ba30-304e3810a8bd", "level": "info", "logger": "uvicorn.access", "service": "solicitudes-api", "timestamp": "2026-08-01T03:56:24.829849Z"}
solicitudes-backend   | {"method": "GET", "path": "/health/ready", "status": 200, "duration_ms": 2.06, "event": "peticion_completada", "correlation_id": "4e1db0af-e640-4652-9641-11ad56d45dd4", "level": "info", "logger": "app.core.middleware", "service": "solicitudes-api", "timestamp": "2026-08-01T03:56:30.168528Z"}
solicitudes-backend   | {"event": "127.0.0.1:55682 - \"GET /health/ready HTTP/1.1\" 200", "correlation_id": "4e1db0af-e640-4652-9641-11ad56d45dd4", "level": "info", "logger": "uvicorn.access", "service": "solicitudes-api", "timestamp": "2026-08-01T03:56:30.168777Z"}
solicitudes-backend   | {"method": "GET", "path": "/health/ready", "status": 200, "duration_ms": 3.54, "event": "peticion_completada", "correlation_id": "fba6a124-1f5d-4264-91b4-18ceacc422a6", "level": "info", "logger": "app.core.middleware", "service": "solicitudes-api", "timestamp": "2026-08-01T03:56:35.453173Z"}
solicitudes-backend   | {"event": "127.0.0.1:55694 - \"GET /health/ready HTTP/1.1\" 200", "correlation_id": "fba6a124-1f5d-4264-91b4-18ceacc422a6", "level": "info", "logger": "uvicorn.access", "service": "solicitudes-api", "timestamp": "2026-08-01T03:56:35.453820Z"}
solicitudes-backend   | {"method": "GET", "path": "/health/ready", "status": 200, "duration_ms": 4.8, "event": "peticion_completada", "correlation_id": "1d5ec63a-cf25-4962-aa68-981a2804e8db", "level": "info", "logger": "app.core.middleware", "service": "solicitudes-api", "timestamp": "2026-08-01T03:56:40.781921Z"}
solicitudes-backend   | {"event": "127.0.0.1:35986 - \"GET /health/ready HTTP/1.1\" 200", "correlation_id": "1d5ec63a-cf25-4962-aa68-981a2804e8db", "level": "info", "logger": "uvicorn.access", "service": "solicitudes-api", "timestamp": "2026-08-01T03:56:40.782495Z"}
solicitudes-backend   | {"method": "GET", "path": "/solicitudes", "status": 200, "duration_ms": 77.53, "event": "peticion_completada", "correlation_id": "8cda1974-45e3-49ff-852f-cc2eb1dc7e10", "level": "info", "logger": "app.core.middleware", "service": "solicitudes-api", "timestamp": "2026-08-01T03:56:43.541933Z"}
solicitudes-backend   | {"event": "172.23.0.1:44932 - \"GET /solicitudes?identificador_externo=SOL-EJEMPLO-001 HTTP/1.1\" 200", "correlation_id": "8cda1974-45e3-49ff-852f-cc2eb1dc7e10", "level": "info", "logger": "uvicorn.access", "service": "solicitudes-api", "timestamp": "2026-08-01T03:56:43.543846Z"}
solicitudes-backend   | {"solicitud_id": "a0eabbac-f38e-4d96-bff0-5b8ae86d298d", "estado_anterior": "recibida", "estado_nuevo": "en_proceso", "event": "estado_actualizado", "correlation_id": "e6b4cb41-86fc-42b1-a24f-3c2069cab5c4", "level": "info", "logger": "app.services.solicitud", "service": "solicitudes-api", "timestamp": "2026-08-01T03:56:43.929600Z"}
solicitudes-backend   | {"method": "PATCH", "path": "/solicitudes/a0eabbac-f38e-4d96-bff0-5b8ae86d298d/estado", "status": 200, "duration_ms": 112.37, "event": "peticion_completada", "correlation_id": "e6b4cb41-86fc-42b1-a24f-3c2069cab5c4", "level": "info", "logger": "app.core.middleware", "service": "solicitudes-api", "timestamp": "2026-08-01T03:56:43.940239Z"}
solicitudes-backend   | {"event": "172.23.0.1:44944 - \"PATCH /solicitudes/a0eabbac-f38e-4d96-bff0-5b8ae86d298d/estado HTTP/1.1\" 200", "correlation_id": "e6b4cb41-86fc-42b1-a24f-3c2069cab5c4", "level": "info", "logger": "uvicorn.access", "service": "solicitudes-api", "timestamp": "2026-08-01T03:56:43.940849Z"}
solicitudes-backend   | {"tipo": "transicion_estado_invalida", "status": 409, "mensaje": "No se puede pasar de 'en_proceso' a 'recibida'. Transiciones permitidas: completada, rechazada.", "event": "error_dominio", "correlation_id": "8b352eeb-34b9-45c1-bb96-5f77eecb05f3", "level": "warning", "logger": "app.core.error_handlers", "service": "solicitudes-api", "timestamp": "2026-08-01T03:56:44.001905Z"}
solicitudes-backend   | {"method": "PATCH", "path": "/solicitudes/a0eabbac-f38e-4d96-bff0-5b8ae86d298d/estado", "status": 409, "duration_ms": 3.67, "event": "peticion_completada", "correlation_id": "8b352eeb-34b9-45c1-bb96-5f77eecb05f3", "level": "info", "logger": "app.core.middleware", "service": "solicitudes-api", "timestamp": "2026-08-01T03:56:44.002239Z"}
solicitudes-backend   | {"event": "172.23.0.1:44946 - \"PATCH /solicitudes/a0eabbac-f38e-4d96-bff0-5b8ae86d298d/estado HTTP/1.1\" 409", "correlation_id": "8b352eeb-34b9-45c1-bb96-5f77eecb05f3", "level": "info", "logger": "uvicorn.access", "service": "solicitudes-api", "timestamp": "2026-08-01T03:56:44.002487Z"}
solicitudes-backend   | {"method": "GET", "path": "/solicitudes/a0eabbac-f38e-4d96-bff0-5b8ae86d298d", "status": 200, "duration_ms": 5.64, "event": "peticion_completada", "correlation_id": "c8cf4631-cdb0-4e6f-831e-e9a55837fab2", "level": "info", "logger": "app.core.middleware", "service": "solicitudes-api", "timestamp": "2026-08-01T03:56:44.074317Z"}
solicitudes-backend   | {"event": "172.23.0.1:44954 - \"GET /solicitudes/a0eabbac-f38e-4d96-bff0-5b8ae86d298d HTTP/1.1\" 200", "correlation_id": "c8cf4631-cdb0-4e6f-831e-e9a55837fab2", "level": "info", "logger": "uvicorn.access", "service": "solicitudes-api", "timestamp": "2026-08-01T03:56:44.074592Z"}
solicitudes-backend   | {"method": "GET", "path": "/health/ready", "status": 200, "duration_ms": 2.94, "event": "peticion_completada", "correlation_id": "5ecfedd0-0e48-419e-a270-7bcbdc636165", "level": "info", "logger": "app.core.middleware", "service": "solicitudes-api", "timestamp": "2026-08-01T03:56:46.084325Z"}
solicitudes-backend   | {"event": "127.0.0.1:36000 - \"GET /health/ready HTTP/1.1\" 200", "correlation_id": "5ecfedd0-0e48-419e-a270-7bcbdc636165", "level": "info", "logger": "uvicorn.access", "service": "solicitudes-api", "timestamp": "2026-08-01T03:56:46.084698Z"}
solicitudes-backend   | {"method": "GET", "path": "/health/ready", "status": 200, "duration_ms": 2.74, "event": "peticion_completada", "correlation_id": "2666d93c-10b2-4864-ac34-0988371219f0", "level": "info", "logger": "app.core.middleware", "service": "solicitudes-api", "timestamp": "2026-08-01T03:56:51.409611Z"}
solicitudes-backend   | {"event": "127.0.0.1:50774 - \"GET /health/ready HTTP/1.1\" 200", "correlation_id": "2666d93c-10b2-4864-ac34-0988371219f0", "level": "info", "logger": "uvicorn.access", "service": "solicitudes-api", "timestamp": "2026-08-01T03:56:51.409920Z"}
solicitudes-backend   | {"method": "GET", "path": "/health/ready", "status": 200, "duration_ms": 2.15, "event": "peticion_completada", "correlation_id": "e9750421-6df8-4263-9824-31054a138694", "level": "info", "logger": "app.core.middleware", "service": "solicitudes-api", "timestamp": "2026-08-01T03:56:56.671343Z"}
solicitudes-backend   | {"event": "127.0.0.1:50784 - \"GET /health/ready HTTP/1.1\" 200", "correlation_id": "e9750421-6df8-4263-9824-31054a138694", "level": "info", "logger": "uvicorn.access", "service": "solicitudes-api", "timestamp": "2026-08-01T03:56:56.671609Z"}
solicitudes-backend   | {"method": "GET", "path": "/health/ready", "status": 200, "duration_ms": 3.91, "event": "peticion_completada", "correlation_id": "d9d17bda-53c4-4daf-8d39-337a6088ea72", "level": "info", "logger": "app.core.middleware", "service": "solicitudes-api", "timestamp": "2026-08-01T03:57:01.992856Z"}
solicitudes-backend   | {"event": "127.0.0.1:47796 - \"GET /health/ready HTTP/1.1\" 200", "correlation_id": "d9d17bda-53c4-4daf-8d39-337a6088ea72", "level": "info", "logger": "uvicorn.access", "service": "solicitudes-api", "timestamp": "2026-08-01T03:57:01.993235Z"}
